# Installed by Pluto: run the Pluto session supervisor instead of xochitl.
[Unit]
# The supervisor and all release-AOT payloads live on the persistent home mount.
RequiresMountsFor=@ROOT@
# Replace stock failure handling with Pluto's rootfs-resident A/B fallback.
OnFailure=
OnFailure=pluto-boot-failure.service

[Service]
# Stock xochitl expects sd_notify watchdog heartbeats and restarts on failure.
# The Pluto supervisor has its own recovery policy, so clear both inherited
# behaviors rather than entering a 60-second watchdog/start-limit loop.
WatchdogSec=0
Restart=no
Environment=PLUTO_ROOT=@ROOT@
ExecStart=
ExecStart=@SUPERVISOR@ start
