# Installed by Pluto: common boot-default supervisor and owned recovery.
[Unit]
RequiresMountsFor=@ROOT@
OnFailure=
OnFailure=pluto-boot-failure.service
StartLimitIntervalSec=600
StartLimitBurst=2

[Service]
WatchdogSec=0
Restart=no
Environment=PLUTO_ROOT=@ROOT@
ExecStartPre=
ExecStartPre=/usr/libexec/pluto-boot-recovery begin
ExecStart=
ExecStart=@SUPERVISOR@ start
